// Jest Snapshot v1, https://goo.gl/fbAQLP

exports[`Loading Component should render 1`] = `
<div>
  <div
    class="loadingText"
  >
    Loading ....
  </div>
  <img
    class="loadingImage"
    src="https://media4.giphy.com/media/dt91SdhwBusuZalJkG/giphy.gif?cid=ecf05e4769y62aeey7sw7k7bcuiu66q3qyjobrh2exgafgl6&rid=giphy.gif"
  />
</div>
`;
